// Jest Snapshot v1, https://goo.gl/fbAQLP

exports[`Pruebas en GifItem snapshot 1`] = `
<div>
  <div
    class="card"
  >
    <img
      alt="Fernando"
      src="www.google.com"
    />
    <p>
      Fernando
    </p>
  </div>
</div>
`;
